[eastboundgroup.com/index.html]
[backblue.gif]
[fade.gif]
[index.html]
[eastboundgroup.com/css/bootstrap.min.css]
[eastboundgroup.com/css/jquery-ui.css]
[eastboundgroup.com/css/owl.carousel.css]
[eastboundgroup.com/css/chosen.css]
[eastboundgroup.com/css/font-awesome.min.css]
[eastboundgroup.com/css/flaticon-enterprise.css]
[eastboundgroup.com/css/streamline-icon.css]
[eastboundgroup.com/css/animate.css]
[eastboundgroup.com/css/easy-responsive-tabs.css]
[eastboundgroup.com/css/lightbox.min.css]
[eastboundgroup.com/css/flexslider.css]
[eastboundgroup.com/css/YTPlayer.css]
[eastboundgroup.com/css/stylesheet.css]
[eastboundgroup.com/nexa-font/font.css]
[eastboundgroup.com/js/popup1.js]
[eastboundgroup.com/js/popup2.js]
[eastboundgroup.com/css/style.css]
[eastboundgroup.com/images/Logo-combined.png]
[eastboundgroup.com/index-2.html]
[eastboundgroup.com/about-us.html]
[eastboundgroup.com/our-group.html]
[eastboundgroup.com/team.html]
[eastboundgroup.com/contact-us.html]
[eastboundgroup.com/destinations.html]
[eastboundgroup.com/services.html]
[eastboundgroup.com/csr.html]
[eastboundgroup.com/eastnews.html]
[eastboundgroup.com/images/Slide1.png]
[eastboundgroup.com/images/Slide2.png]
[eastboundgroup.com/images/Slide3.png]
[eastboundgroup.com/images/Slide4.png]
[eastboundgroup.com/images/Slide5.png]
[eastboundgroup.com/images/hs.png]
[eastboundgroup.com/images/ep.png]
[eastboundgroup.com/Eastbound - Profile HQ.pdf]
[eastboundgroup.com/Eastbound - Profile LQ.pdf]
[eastboundgroup.com/discovery-trips.html]
[eastboundgroup.com/images/services/dt.png]
[eastboundgroup.com/adventure.html]
[eastboundgroup.com/images/services/oe.png]
[eastboundgroup.com/luxury-cruises.html]
[eastboundgroup.com/images/services/ls.png]
[eastboundgroup.com/photography-tours.html]
[eastboundgroup.com/images/services/pt.png]
[eastboundgroup.com/educational-tours.html]
[eastboundgroup.com/images/services/et.png]
[eastboundgroup.com/images/Culture.png]
[eastboundgroup.com/images/Wildlife.png]
[eastboundgroup.com/images/Style.png]
[eastboundgroup.com/images/hsbn.png]
[eastboundgroup.com/images/home-testi.jpg]
[eastboundgroup.com/Payment Policy/Privacy Policy_EB Tours.pdf]
[eastboundgroup.com/Payment Policy/Terms of Use_Eastbound Tours.pdf]
[eastboundgroup.com/corona.html]
[eastboundgroup.com/images/our_group/2hub.jpg]
[eastboundgroup.com/images/our_group/chimelogo.png]
[eastboundgroup.com/images/our_group/byond.jpg]
[eastboundgroup.com/images/our_group/ebd.jpg]
[eastboundgroup.com/images/our_group/bts1.png]
[eastboundgroup.com/images/contact-us/1.png]
[eastboundgroup.com/images/contact-us/2.png]
[eastboundgroup.com/images/contact-us/3.png]
[eastboundgroup.com/images/contact-us/4.png]
[eastboundgroup.com/images/contact-us/5.png]
[eastboundgroup.com/images/contact-us/6.png]
[eastboundgroup.com/images/contact-us/7.png]
[eastboundgroup.com/images/contact-us/8.png]
[eastboundgroup.com/images/contact-us/9.png]
[eastboundgroup.com/images/contact-us/10.png]
[eastboundgroup.com/images/contact-us/aa.png]
[eastboundgroup.com/images/contact-us/bb.png]
[eastboundgroup.com/images/contact-us/cc.png]
[eastboundgroup.com/images/contact-us/dd.png]
[eastboundgroup.com/js/jquery-2.1.4.min.js]
[eastboundgroup.com/js/owl.carousel.min.js]
[eastboundgroup.com/js/chosen.jquery.min.js]
[eastboundgroup.com/js/Modernizr.js]
[eastboundgroup.com/js/jquery-ui.min.js]
[eastboundgroup.com/js/jquery.countTo.js]
[eastboundgroup.com/js/jquery.parallax-1.1.3.js]
[eastboundgroup.com/js/jquery.easing.min.js]
[eastboundgroup.com/js/jquery.easypiechart.min.js]
[eastboundgroup.com/js/jquery.debouncedresize.js]
[eastboundgroup.com/js/easyResponsiveTabs.js]
[eastboundgroup.com/js/lightbox.min.js]
[eastboundgroup.com/js/jquery.flexslider-min.js]
[eastboundgroup.com/js/jquery.countdown.min.js]
[eastboundgroup.com/js/jquery.mb.YTPlayer.js]
[eastboundgroup.com/js/isotope.pkgd.min.js]
[eastboundgroup.com/js/masonry.pkgd.min.js]
[eastboundgroup.com/js/imagesloaded.pkgd.min.js]
[eastboundgroup.com/js/portfolio.js]
[eastboundgroup.com/js/blog-masonry.js]
[eastboundgroup.com/js/masonry.js]
[eastboundgroup.com/index.html]
[eastboundgroup.com/js/custom.js]
[eastboundgroup.com/fonts/glyphicons-halflings-regulard41dd41d.eot]
[eastboundgroup.com/fonts/glyphicons-halflings-regular.woff2]
[eastboundgroup.com/fonts/glyphicons-halflings-regular.eot]
[eastboundgroup.com/fonts/glyphicons-halflings-regular.woff]
[eastboundgroup.com/fonts/glyphicons-halflings-regular.svg]
[eastboundgroup.com/css/bootstrap.min.css]
[eastboundgroup.com/images/ui-icons_444444_256x240.png]
[eastboundgroup.com/fonts/glyphicons-halflings-regular.ttf]
[eastboundgroup.com/images/ui-icons_777777_256x240.png]
[eastboundgroup.com/images/ui-icons_555555_256x240.png]
[eastboundgroup.com/images/ui-icons_ffffff_256x240.png]
[eastboundgroup.com/images/ui-icons_777620_256x240.png]
[eastboundgroup.com/images/ui-icons_cc0000_256x240.png]
[eastboundgroup.com/css/jquery-ui.css]
[eastboundgroup.com/css/owl.carousel.css]
[eastboundgroup.com/css/chosen.css]
[eastboundgroup.com/fonts/fontawesome-webfonte0a5e0a5.eot]
[eastboundgroup.com/fonts/fontawesome-webfonte0a5e0a5.woff2]
[eastboundgroup.com/fonts/fontawesome-webfontd41dd41d.eot]
[eastboundgroup.com/fonts/fontawesome-webfonte0a5e0a5.woff]
[eastboundgroup.com/fonts/fontawesome-webfonte0a5e0a5.svg]
[eastboundgroup.com/css/font-awesome.min.css]
[eastboundgroup.com/fonts/flaticon-enterprise.eot]
[eastboundgroup.com/fonts/flaticon-enterprise.woff]
[eastboundgroup.com/fonts/fontawesome-webfonte0a5e0a5.ttf]
[eastboundgroup.com/css/flaticon-enterprise.css]
[eastboundgroup.com/fonts/flaticon-enterprise.ttf]
[eastboundgroup.com/fonts/streamline-icon.eot]
[eastboundgroup.com/fonts/streamline-icon.woff]
[eastboundgroup.com/fonts/streamline-icon.ttf]
[eastboundgroup.com/css/streamline-icon.css]
[eastboundgroup.com/css/animate.css]
[eastboundgroup.com/css/easy-responsive-tabs.css]
[eastboundgroup.com/css/lightbox.min.css]
[eastboundgroup.com/css/flexslider.css]
[eastboundgroup.com/css/YTPlayer.css]
[eastboundgroup.com/fonts/streamline-icon.svg]
[eastboundgroup.com/fonts/DS-DIGII.ttf]
[eastboundgroup.com/css/stylesheet.css]
[eastboundgroup.com/fonts/Asiyah.otf]
[eastboundgroup.com/fonts/Asiyah.ttf]
[eastboundgroup.com/nexa-font/NexaFreeLightwebfont.woff]
[eastboundgroup.com/nexa-font/NexaFreeLightwebfont.eot]
[eastboundgroup.com/nexa-font/font.css]
[eastboundgroup.com/images/quote.png]
[eastboundgroup.com/images/header-flower.png]
[eastboundgroup.com/nexa-font/NexaFreeLightwebfont.ttf]
[eastboundgroup.com/images/header-flower-inner.png]
[eastboundgroup.com/images/header-flower-line.png]
[eastboundgroup.com/images/b/banner-header.82.delayed]
[eastboundgroup.com/images/base4.png]
[eastboundgroup.com/images/bk.png]
[eastboundgroup.com/images/base2.png]
[eastboundgroup.com/images/base5.png]
[eastboundgroup.com/images/base1.png]
[eastboundgroup.com/images/base6.png]
[eastboundgroup.com/images/base7.png]
[eastboundgroup.com/images/photography-tours/slider-bg.jpg]
[eastboundgroup.com/images/photography-tours/test.png]
[eastboundgroup.com/images/icon-video2.png]
[eastboundgroup.com/images/icon-video.png]
[eastboundgroup.com/images/video-play2.png]
[eastboundgroup.com/images/bg-title.png]
[eastboundgroup.com/images/close.png]
[eastboundgroup.com/images/bg-parallax8.jpg]
[eastboundgroup.com/images/provide1.png]
[eastboundgroup.com/images/provide2.png]
[eastboundgroup.com/images/provide3.png]
[eastboundgroup.com/images/provide4.png]
[eastboundgroup.com/images/provide5.png]
[eastboundgroup.com/images/provide10.png]
[eastboundgroup.com/images/provide11.png]
[eastboundgroup.com/images/provide12.png]
[eastboundgroup.com/images/provide14.png]
[eastboundgroup.com/images/footer-bg.png]
[eastboundgroup.com/images/restaurant/res-parallax1.jpg]
[eastboundgroup.com/images/b/banner-blog.jpg]
[eastboundgroup.com/images/blogs/b23.jpg]
[eastboundgroup.com/images/blogs/b24.jpg]
[eastboundgroup.com/images/blogs/b25.jpg]
[eastboundgroup.com/images/blogs/b26.jpg]
[eastboundgroup.com/images/blogs/b27.jpg]
[eastboundgroup.com/images/blogs/b28.jpg]
[eastboundgroup.com/images/b/banner-faq.jpg]
[eastboundgroup.com/images/b/banner-contact.jpg]
[eastboundgroup.com/images/b/banner-shop.jpg]
[eastboundgroup.com/images/commingsoon-1.jpg]
[eastboundgroup.com/images/commingsoon-2.jpg]
[eastboundgroup.com/images/bg-parallax5.jpg]
[eastboundgroup.com/images/bg-parallax6.jpg]
[eastboundgroup.com/images/b/paralax1.jpg]
[eastboundgroup.com/images/b/paralax2.jpg]
[eastboundgroup.com/images/b/paralax3.jpg]
[eastboundgroup.com/images/b/paralax4.ae.delayed]
[eastboundgroup.com/images/b/b4.png]
[eastboundgroup.com/images/b/paralax5.jpg]
[eastboundgroup.com/images/b/bg1.jpg]
[eastboundgroup.com/images/b/parallax7.jpg]
[eastboundgroup.com/images/b/paralax8.jpg]
[eastboundgroup.com/images/b/paralax9.jpg]
[eastboundgroup.com/images/b/paralax10.jpg]
[eastboundgroup.com/images/b/paralax11.jpg]
[eastboundgroup.com/images/bg-parallax1.jpg]
[eastboundgroup.com/images/bg-parallax3.jpg]
[eastboundgroup.com/images/bg-parallax2.jpg]
[eastboundgroup.com/images/bg-parallax4.jpg]
[eastboundgroup.com/images/bg-service.jpg]
[eastboundgroup.com/images/bg-portfolio.jpg]
[eastboundgroup.com/images/bg-about.jpg]
[eastboundgroup.com/images/bg-parallax7.jpg]
[eastboundgroup.com/images/bg-aboutme.jpg]
[eastboundgroup.com/images/bg-contact.jpg]
[eastboundgroup.com/images/patten1.png]
[eastboundgroup.com/images/bg-parallax9.jpg]
[eastboundgroup.com/images/bg-parallax10.jpg]
[eastboundgroup.com/images/bg-parallax11.jpg]
[eastboundgroup.com/images/bg-parallax12.jpg]
[eastboundgroup.com/images/bg-parallax13.jpg]
[eastboundgroup.com/images/bg-parallax14.jpg]
[eastboundgroup.com/images/bg-parallax15.jpg]
[eastboundgroup.com/images/bg-parallax16.jpg]
[eastboundgroup.com/images/bg-parallax17.jpg]
[eastboundgroup.com/images/bg-parallax18.jpg]
[eastboundgroup.com/images/bg-parallax19.jpg]
[eastboundgroup.com/images/bg-parallax20.jpg]
[eastboundgroup.com/images/bg-parallax21.jpg]
[eastboundgroup.com/images/bg-parallax22.jpg]
[eastboundgroup.com/images/restaurant/res-parallax0.jpg]
[eastboundgroup.com/images/restaurant/res-parallax2.jpg]
[eastboundgroup.com/images/restaurant/res-parallax3.jpg]
[eastboundgroup.com/images/bg-parallax23.jpg]
[eastboundgroup.com/images/close-light.png]
[eastboundgroup.com/css/style.css]
[eastboundgroup.com/index-2.html]
[eastboundgroup.com/css/about-slider.css]
[eastboundgroup.com/images/about-us/1.jpg]
[eastboundgroup.com/images/about-us/3.jpg]
[eastboundgroup.com/images/about-us/4.jpg]
[eastboundgroup.com/images/about-us/5.jpg]
[eastboundgroup.com/images/about-us/6.jpg]
[eastboundgroup.com/images/about-us/about-icon.png]
[eastboundgroup.com/images/about-us/ab.png]
[eastboundgroup.com/about-us.html]
[eastboundgroup.com/images/our_group/2hub_p.jpg]
[eastboundgroup.com/images/our_group/Chime.png]
[eastboundgroup.com/images/our_group/byond_p.jpg]
[eastboundgroup.com/images/our_group/ebd_p.jpg]
[eastboundgroup.com/images/our_group/bts.png]
[eastboundgroup.com/our-group.html]
[eastboundgroup.com/images/team/P.png]
[eastboundgroup.com/images/team/team.png]
[eastboundgroup.com/images/team/AK.png]
[eastboundgroup.com/images/team/RESHMA.jpg]
[eastboundgroup.com/images/team/RL.png]
[eastboundgroup.com/images/team/ichcha.jpg]
[eastboundgroup.com/images/team/Rohit.png]
[eastboundgroup.com/images/team/a.png]
[eastboundgroup.com/images/team/Swati.png]
[eastboundgroup.com/images/team/dipta.png]
[eastboundgroup.com/images/team/rajesh.png]
[eastboundgroup.com/images/team/Ishwar.png]
[eastboundgroup.com/images/team/Binay.png]
[eastboundgroup.com/images/team/Abhishek.png]
[eastboundgroup.com/images/team/4.jpg]
[eastboundgroup.com/images/team/5.jpg]
[eastboundgroup.com/images/team/6.jpg]
[eastboundgroup.com/images/team/7.jpg]
[eastboundgroup.com/images/team/wa.png]
[eastboundgroup.com/images/team/8.jpg]
[eastboundgroup.com/images/team/9.jpg]
[eastboundgroup.com/images/team/10.jpg]
[eastboundgroup.com/images/team/11.jpg]
[eastboundgroup.com/images/team/ns-1.jpg]
[eastboundgroup.com/images/team/ns-2.jpg]
[eastboundgroup.com/images/team/ns-3.jpg]
[eastboundgroup.com/images/team/12.jpg]
[eastboundgroup.com/images/team/13.jpg]
[eastboundgroup.com/images/team/14.jpg]
[eastboundgroup.com/images/team/15.jpg]
[eastboundgroup.com/images/team/us-2.jpg]
[eastboundgroup.com/images/team/Aniket.png]
[eastboundgroup.com/images/team/Aman.png]
[eastboundgroup.com/images/team/16.jpg]
[eastboundgroup.com/images/team/17.jpg]
[eastboundgroup.com/images/team/18.jpg]
[eastboundgroup.com/images/team/19.jpg]
[eastboundgroup.com/images/team/Deepsika.jpg]
[eastboundgroup.com/images/team/20.jpg]
[eastboundgroup.com/images/team/21.jpg]
[eastboundgroup.com/images/team/22.jpg]
[eastboundgroup.com/images/team/23.jpg]
[eastboundgroup.com/team.html]
[eastboundgroup.com/contact-us.html]
[eastboundgroup.com/india.html]
[eastboundgroup.com/images/destinations/india.png]
[eastboundgroup.com/srilanka.html]
[eastboundgroup.com/images/destinations/srilanka.png]
[eastboundgroup.com/uae.html]
[eastboundgroup.com/images/destinations/uae.png]
[eastboundgroup.com/bhutan.html]
[eastboundgroup.com/images/destinations/bhutan.png]
[eastboundgroup.com/images/destinations/5.jpg]
[eastboundgroup.com/nepal.html]
[eastboundgroup.com/images/destinations/nepal.png]
[eastboundgroup.com/destinations.html]
[eastboundgroup.com/images/services/9.jpg]
[eastboundgroup.com/services.html]
[eastboundgroup.com/images/csr/csru.png]
[eastboundgroup.com/images/csr/2.png]
[eastboundgroup.com/images/csr/ncsr.png]
[eastboundgroup.com/images/csr/5.png]
[eastboundgroup.com/images/csr/4.png]
[eastboundgroup.com/csr.html]
[eastboundgroup.com/images/logo.png]
[maxcdn.bootstrapcdn.com/bootstrap/3.3.7/css/bootstrap.min.css]
[eastboundgroup.com/subscription.html]
[eastboundgroup.com/images/eastnews/61.jpg]
[eastboundgroup.com/eastnews/2023/May/NL1/EB-Newsletter-May-2023.html]
[eastboundgroup.com/images/eastnews/60.jpg]
[eastboundgroup.com/eastnews/2023/April/NL1/EB-Newsletter-April-2023.html]
[eastboundgroup.com/images/eastnews/59.jpg]
[eastboundgroup.com/eastnews/2023/March/NL1/EB-March.html]
[eastboundgroup.com/images/eastnews/58.jpg]
[eastboundgroup.com/eastnews/2023/February/NL1/EB-Newsletter-February-2023.html]
[eastboundgroup.com/images/eastnews/57.jpg]
[eastboundgroup.com/eastnews/2023/NL1/EB-Newsletter-January-2023.html]
[eastboundgroup.com/images/eastnews/56.jpg]
[eastboundgroup.com/eastnews/2022/December/NL/EB-Newsletter-December-2022.html]
[eastboundgroup.com/images/eastnews/55.jpg]
[eastboundgroup.com/eastnews/2022/November/EB-Newsletter-November-2022--(1).html]
[eastboundgroup.com/images/eastnews/54.jpg]
[eastboundgroup.com/eastnews/2022/October/NL1/EB-Newsletter-October-2022.html]
[eastboundgroup.com/images/eastnews/53.jpg]
[eastboundgroup.com/eastnews/2022/September/NL1/EB-Newsletter-September-2022.html]
[eastboundgroup.com/images/eastnews/52.gif]
[eastboundgroup.com/eastnews/2022/August/NL1/EB-Newsletter-August-2022.html]
[eastboundgroup.com/images/eastnews/51.jpg]
[eastboundgroup.com/eastnews/2022/July/EB-Newsletter-July-2022.html]
[eastboundgroup.com/images/eastnews/50.jpg]
[eastboundgroup.com/eastnews/2022/June/NL1/EB-Newsletter-June-2022.html]
[eastboundgroup.com/images/eastnews/49.jpg]
[eastboundgroup.com/eastnews/2022/May/NL1/EB-Newsletter-may-2022.html]
[eastboundgroup.com/images/eastnews/48.jpg]
[eastboundgroup.com/eastnews-newsletter/2020/August/index.html]
[eastboundgroup.com/images/eastnews/47.jpg]
[eastboundgroup.com/eastnews-newsletter/2020/July/index.html]
[eastboundgroup.com/images/eastnews/46.jpg]
[eastboundgroup.com/eastnews-newsletter/2020/June/index.html]
[eastboundgroup.com/images/eastnews/45.jpg]
[eastboundgroup.com/eastnews-newsletter/2020/May/index.html]
[eastboundgroup.com/images/eastnews/44.jpg]
[eastboundgroup.com/eastnews-newsletter/2020/April/index.html]
[eastboundgroup.com/images/eastnews/43.jpg]
[eastboundgroup.com/eastnews-newsletter/2020/March/index.html]
[eastboundgroup.com/images/eastnews/42.jpg]
[eastboundgroup.com/eastnews-newsletter/2020/February/index.html]
[eastboundgroup.com/images/eastnews/41.jpg]
[eastboundgroup.com/eastnews-newsletter/2020/January/index.html]
[eastboundgroup.com/images/eastnews/40.jpg]
[eastboundgroup.com/eastnews-newsletter/2019/December/index.html]
[eastboundgroup.com/images/eastnews/39.jpg]
[eastboundgroup.com/eastnews-newsletter/2019/November/index.html]
[eastboundgroup.com/images/eastnews/38.jpg]
[eastboundgroup.com/eastnews-newsletter/2019/October/index.html]
[eastboundgroup.com/images/eastnews/37.jpg]
[eastboundgroup.com/eastnews-newsletter/2019/September/index.html]
[eastboundgroup.com/images/eastnews/36.jpg]
[eastboundgroup.com/eastnews-newsletter/2019/August/index.html]
[eastboundgroup.com/images/eastnews/35.jpg]
[eastboundgroup.com/eastnews-newsletter/2019/July/index.html]
[eastboundgroup.com/images/eastnews/34.jpg]
[eastboundgroup.com/eastnews-newsletter/2019/June/index.html]
[eastboundgroup.com/images/eastnews/33.jpg]
[eastboundgroup.com/eastnews-newsletter/2019/april/index.15a.delayed]
[eastboundgroup.com/images/eastnews/32.jpg]
[eastboundgroup.com/eastnews-newsletter/2019/March/index.html]
[eastboundgroup.com/images/eastnews/31.jpg]
[eastboundgroup.com/eastnews-newsletter/2019/February/index.html]
[eastboundgroup.com/images/eastnews/30.jpg]
[eastboundgroup.com/eastnews-newsletter/2019/January/index1.html]
[eastboundgroup.com/images/eastnews/29.jpg]
[eastboundgroup.com/eastnews-newsletter/2018/November/index.html]
[eastboundgroup.com/images/eastnews/28.jpg]
[eastboundgroup.com/eastnews-newsletter/2018/October/index.html]
[eastboundgroup.com/images/eastnews/27.jpg]
[eastboundgroup.com/eastnews-newsletter/2018/September/index.html]
[eastboundgroup.com/images/eastnews/26.jpg]
[eastboundgroup.com/eastnews-newsletter/2018/August/index.html]
[eastboundgroup.com/images/eastnews/25.jpg]
[eastboundgroup.com/eastnews-newsletter/2018/July/index.html]
[eastboundgroup.com/images/eastnews/24.jpg]
[eastboundgroup.com/eastnews-newsletter/2018/June/index.html]
[eastboundgroup.com/images/eastnews/23.jpg]
[eastboundgroup.com/eastnews-newsletter/2018/May/index.html]
[eastboundgroup.com/images/eastnews/22.jpg]
[eastboundgroup.com/eastnews-newsletter/2018/April/index.html]
[eastboundgroup.com/images/eastnews/21.jpg]
[eastboundgroup.com/eastnews-newsletter/2018/March/index.html]
[eastboundgroup.com/images/eastnews/20.jpg]
[eastboundgroup.com/eastnews-newsletter/2018/February/index.html]
[eastboundgroup.com/images/eastnews/19.jpg]
[eastboundgroup.com/eastnews-newsletter/2018/January/index.html]
[eastboundgroup.com/images/eastnews/18.jpg]
[eastboundgroup.com/eastnews-newsletter/2017/November/index.html]
[eastboundgroup.com/images/eastnews/17.jpg]
[eastboundgroup.com/eastnews-newsletter/2017/October/index.html]
[eastboundgroup.com/images/eastnews/16.jpg]
[eastboundgroup.com/eastnews-newsletter/2017/September/index.html]
[eastboundgroup.com/images/eastnews/15.jpg]
[eastboundgroup.com/eastnews-newsletter/2017/August/index.html]
[eastboundgroup.com/images/eastnews/14.jpg]
[eastboundgroup.com/eastnews-newsletter/2017/July/index.html]
[eastboundgroup.com/images/eastnews/13.jpg]
[eastboundgroup.com/eastnews-newsletter/2017/June/index.html]
[eastboundgroup.com/images/eastnews/12.jpg]
[eastboundgroup.com/eastnews-newsletter/2017/may/index.html]
[eastboundgroup.com/images/eastnews/11.jpg]
[eastboundgroup.com/eastnews-newsletter/2017/apr/index.html]
[eastboundgroup.com/images/eastnews/10.jpg]
[eastboundgroup.com/eastnews-newsletter/2017/mar/index.html]
[eastboundgroup.com/images/eastnews/9.jpg]
[eastboundgroup.com/eastnews-newsletter/2017/feb/index.html]
[eastboundgroup.com/images/eastnews/8.jpg]
[eastboundgroup.com/eastnews-newsletter/2017/jan/newsletter/index.html]
[eastboundgroup.com/images/eastnews/7.jpg]
[eastboundgroup.com/eastnews-newsletter/2016/dec/newsletter/index.html]
[eastboundgroup.com/images/eastnews/6.jpg]
[eastboundgroup.com/images/eastnews/5.jpg]
[eastboundgroup.com/images/eastnews/4.jpg]
[eastboundgroup.com/images/eastnews/3.jpg]
[eastboundgroup.com/images/eastnews/2.jpg]
[eastboundgroup.com/images/eastnews/1.jpg]
[eastboundgroup.com/eastnews.html]
[eastboundgroup.com/Eastbound - Profile HQ.pdf]
[eastboundgroup.com/Eastbound - Profile LQ.pdf]
[eastboundgroup.com/images/discovery-trips/1.jpg]
[eastboundgroup.com/images/discovery-trips/2.jpg]
[eastboundgroup.com/images/discovery-trips/3.jpg]
[eastboundgroup.com/images/discovery-trips/4.jpg]
[eastboundgroup.com/images/discovery-trips/5.jpg]
[eastboundgroup.com/images/discovery-trips/6.jpg]
[eastboundgroup.com/discovery-trips.html]
[eastboundgroup.com/trekking.html]
[eastboundgroup.com/images/adventure/Trekking.jpg]
[eastboundgroup.com/Village_walks.html]
[eastboundgroup.com/images/adventure/Villagewalk1.jpg]
[eastboundgroup.com/Biking.html]
[eastboundgroup.com/images/adventure/biking1.jpg]
[eastboundgroup.com/Cycling.html]
[eastboundgroup.com/images/adventure/cycling1.jpg]
[eastboundgroup.com/Eastbound.html]
[eastboundgroup.com/images/adventure/self.jpg]
[eastboundgroup.com/safety.html]
[eastboundgroup.com/images/adventure/safety.jpg]
[eastboundgroup.com/adventure.html]
[eastboundgroup.com/images/luxury/luxury-2.jpg]
[eastboundgroup.com/images/luxury/luxury-1.jpg]
[eastboundgroup.com/luxury-cruises.html]
[eastboundgroup.com/css/jquery.littlelightbox.css]
[eastboundgroup.com/css/photography-slider.css]
[eastboundgroup.com/images/photography-tours/slide-1.jpg]
[eastboundgroup.com/images/photography-tours/slide-2.jpg]
[eastboundgroup.com/images/photography-tours/slide-3.jpg]
[eastboundgroup.com/images/photography-tours/parrot.jpg]
[eastboundgroup.com/images/photography-tours/abhishek.jpg]
[eastboundgroup.com/images/photography-tours/1-large.jpg]
[eastboundgroup.com/images/photography-tours/1.jpg]
[eastboundgroup.com/images/photography-tours/2-large.jpg]
[eastboundgroup.com/images/photography-tours/2.jpg]
[eastboundgroup.com/images/photography-tours/3-large.jpg]
[eastboundgroup.com/images/photography-tours/3.jpg]
[eastboundgroup.com/images/photography-tours/4-large.jpg]
[eastboundgroup.com/images/photography-tours/4.jpg]
[eastboundgroup.com/images/photography-tours/5-large.jpg]
[eastboundgroup.com/images/photography-tours/5.jpg]
[eastboundgroup.com/images/photography-tours/6-large.jpg]
[eastboundgroup.com/images/photography-tours/6.jpg]
[eastboundgroup.com/js/jquery.littlelightbox.js]
[eastboundgroup.com/photography-tours.html]
[eastboundgroup.com/images/educational-tours/1.jpg]
[eastboundgroup.com/js/photography-tours.js]
[eastboundgroup.com/images/educational-tours/2.jpg]
[eastboundgroup.com/images/educational-tours/3.jpg]
[eastboundgroup.com/images/educational-tours/4.jpg]
[eastboundgroup.com/images/educational-tours/5.jpg]
[eastboundgroup.com/images/educational-tours/6.jpg]
[eastboundgroup.com/educational-tours.html]
[eastboundgroup.com/corona.html]
[eastboundgroup.com/fonts/glyphicons-halflings-regulard41dd41d.html]
[eastboundgroup.com/fonts/glyphicons-halflings-regular.svg]
[eastboundgroup.com/fonts/fontawesome-webfonte0a5e0a5.svg]
[eastboundgroup.com/fonts/streamline-icon.svg]
[eastboundgroup.com/fonts/DS-DIGII.html]
[eastboundgroup.com/images/b/banner-header.html]
[eastboundgroup.com/images/bg-title.html]
[eastboundgroup.com/images/bg-parallax8.html]
[eastboundgroup.com/images/provide1.html]
[eastboundgroup.com/images/provide2.html]
[eastboundgroup.com/images/provide3.html]
[eastboundgroup.com/images/provide4.html]
[eastboundgroup.com/images/provide5.html]
[eastboundgroup.com/images/provide10.html]
[eastboundgroup.com/images/provide11.html]
[eastboundgroup.com/images/provide12.html]
[eastboundgroup.com/images/provide14.html]
[eastboundgroup.com/images/restaurant/res-parallax1.html]
[eastboundgroup.com/images/b/banner-blog.html]
[eastboundgroup.com/images/blogs/b23.html]
[eastboundgroup.com/images/blogs/b24.html]
[eastboundgroup.com/images/blogs/b25.html]
[eastboundgroup.com/images/blogs/b26.html]
[eastboundgroup.com/images/blogs/b27.html]
[eastboundgroup.com/images/blogs/b28.html]
[eastboundgroup.com/images/b/banner-faq.html]
[eastboundgroup.com/images/b/banner-contact.html]
[eastboundgroup.com/images/b/banner-shop.html]
[eastboundgroup.com/images/commingsoon-1.html]
[eastboundgroup.com/images/commingsoon-2.html]
[eastboundgroup.com/images/bg-parallax5.html]
[eastboundgroup.com/images/bg-parallax6.html]
[eastboundgroup.com/images/b/paralax4.html]
[eastboundgroup.com/images/b/b4.html]
[eastboundgroup.com/images/b/paralax5.html]
[eastboundgroup.com/images/b/bg1.html]
[eastboundgroup.com/images/b/parallax7.html]
[eastboundgroup.com/images/b/paralax8.html]
[eastboundgroup.com/images/b/paralax9.html]
[eastboundgroup.com/images/b/paralax10.html]
[eastboundgroup.com/images/b/paralax11.html]
[eastboundgroup.com/images/bg-parallax1.html]
[eastboundgroup.com/images/bg-parallax3.html]
[eastboundgroup.com/images/bg-parallax2.html]
[eastboundgroup.com/images/bg-parallax4.html]
[eastboundgroup.com/images/bg-service.html]
[eastboundgroup.com/images/bg-portfolio.html]
[eastboundgroup.com/images/bg-about.html]
[eastboundgroup.com/images/bg-parallax7.html]
[eastboundgroup.com/images/bg-aboutme.html]
[eastboundgroup.com/images/bg-contact.html]
[eastboundgroup.com/images/patten1.html]
[eastboundgroup.com/images/bg-parallax9.html]
[eastboundgroup.com/images/bg-parallax10.html]
[eastboundgroup.com/images/bg-parallax11.html]
[eastboundgroup.com/images/bg-parallax12.html]
[eastboundgroup.com/images/bg-parallax13.html]
[eastboundgroup.com/images/bg-parallax14.html]
[eastboundgroup.com/images/bg-parallax15.html]
[eastboundgroup.com/images/bg-parallax16.html]
[eastboundgroup.com/images/bg-parallax17.html]
[eastboundgroup.com/images/bg-parallax18.html]
[eastboundgroup.com/images/bg-parallax19.html]
[eastboundgroup.com/images/bg-parallax20.html]
[eastboundgroup.com/images/bg-parallax21.html]
[eastboundgroup.com/images/bg-parallax22.html]
[eastboundgroup.com/images/restaurant/res-parallax0.html]
[eastboundgroup.com/images/restaurant/res-parallax2.html]
[eastboundgroup.com/images/restaurant/res-parallax3.html]
[eastboundgroup.com/images/bg-parallax23.html]
[eastboundgroup.com/css/about-slider.css]
[eastboundgroup.com/images/india/1.jpg]
[eastboundgroup.com/images/india/2.jpg]
[eastboundgroup.com/images/india/3.jpg]
[eastboundgroup.com/images/india/4.jpg]
[eastboundgroup.com/images/india/5.jpg]
[eastboundgroup.com/images/india/6.jpg]
[eastboundgroup.com/images/india/7.jpg]
[eastboundgroup.com/images/india/8.jpg]
[eastboundgroup.com/images/india/9.jpg]
[eastboundgroup.com/images/india/10.jpg]
[eastboundgroup.com/images/india/11.jpg]
[eastboundgroup.com/india.html]
[eastboundgroup.com/images/srilanka/1.jpg]
[eastboundgroup.com/images/srilanka/2.jpg]
[eastboundgroup.com/images/srilanka/3.jpg]
[eastboundgroup.com/images/srilanka/4.jpg]
[eastboundgroup.com/images/srilanka/5.jpg]
[eastboundgroup.com/images/srilanka/6.jpg]
[eastboundgroup.com/images/srilanka/7.jpg]
[eastboundgroup.com/images/srilanka/8.jpg]
[eastboundgroup.com/srilanka.html]
[eastboundgroup.com/images/uae images/HISTORY, ART.jpg]
[eastboundgroup.com/images/uae images/CUISINE.jpg]
[eastboundgroup.com/images/uae images/Mice.jpg]
[eastboundgroup.com/images/uae images/Wildlife.jpg]
[eastboundgroup.com/images/uae images/sports.jpg]
[eastboundgroup.com/images/uae images/wedding.jpg]
[eastboundgroup.com/uae.html]
[eastboundgroup.com/images/bhutan/1.jpg]
[eastboundgroup.com/images/bhutan/2.jpg]
[eastboundgroup.com/images/bhutan/3.jpg]
[eastboundgroup.com/images/bhutan/4.jpg]
[eastboundgroup.com/images/bhutan/5.jpg]
[eastboundgroup.com/images/bhutan/6.jpg]
[eastboundgroup.com/images/bhutan/7.jpg]
[eastboundgroup.com/images/bhutan/8.jpg]
[eastboundgroup.com/bhutan.html]
[eastboundgroup.com/images/nepal/1.jpg]
[eastboundgroup.com/images/nepal/2.jpg]
[eastboundgroup.com/images/nepal/3.jpg]
[eastboundgroup.com/nepal.html]
[maxcdn.bootstrapcdn.com/bootstrap/3.3.7/css/bootstrap.min.css]
[eastboundgroup.com/subscription.html]
[eastboundgroup.com/eastnews/2023/May/NL1/EB-Newsletter-May-2023_01.gif]
[eastboundgroup.com/eastnews/2023/May/NL1/EB-Newsletter-May-2023_02.gif]
[eastboundgroup.com/eastnews/2023/May/NL1/EB-Newsletter-May-2023_03.gif]
[eastboundgroup.com/eastnews/2023/May/NL1/EB-Newsletter-May-2023.html]
[eastboundgroup.com/eastnews/2023/April/NL1/EB-Newsletter-April-2023_01.gif]
[eastboundgroup.com/eastnews/2023/April/NL1/EB-Newsletter-April-2023_02.gif]
[eastboundgroup.com/eastnews/2023/April/NL1/EB-Newsletter-April-2023_03.gif]
[eastboundgroup.com/eastnews/2023/April/NL1/EB-Newsletter-April-2023.html]
[eastboundgroup.com/eastnews/2023/March/NL1/EB-Newsletter-March-2023.html]
[eastboundgroup.com/eastnews/2023/March/NL/EB-Newsletter-March-2023_01.gif]
[eastboundgroup.com/eastnews/2023/March/NL/EB-Newsletter-March-2023_02.gif]
[eastboundgroup.com/eastnews/2023/March/NL/EB-Newsletter-March-2023_03.gif]
[eastboundgroup.com/eastnews/2023/March/NL/EB-Newsletter-March-2023_04.gif]
[www.dropbox.com/s/q8mqxb3z0tq92qk/WhatsApp Image 2023-02-13 at 4.48.31 PMec75.html]
[eastboundgroup.com/eastnews/2023/March/NL1/EB-March.html]
[eastboundgroup.com/eastnews/2023/February/NL1/EB-Newsletter-February-2023_01.gif]
[eastboundgroup.com/eastnews/2023/February/NL1/EB-Newsletter-February-2023_02.gif]
[eastboundgroup.com/eastnews/2023/February/NL1/EB-Newsletter-February-2023_03.gif]
[eastboundgroup.com/eastnews/2023/February/NL1/EB-Newsletter-February-2023_04.gif]
[eastboundgroup.com/eastnews/2023/February/NL1/EB-Newsletter-February-2023.html]
[eastboundgroup.com/eastnews/2023/NL1/EB-Newsletter-January-2023_01.gif]
[eastboundgroup.com/eastnews/2023/NL1/EB-Newsletter-January-2023_02.gif]
[eastboundgroup.com/eastnews/2023/NL1/EB-Newsletter-January-2023_03.gif]
[eastboundgroup.com/eastnews/2023/NL1/EB-Newsletter-January-2023_04.gif]
[eastboundgroup.com/eastnews/2023/NL1/EB-Newsletter-January-2023.html]
[eastboundgroup.com/eastnews/2022/December/NL/EB-Newsletter-December-2022_01.gif]
[eastboundgroup.com/eastnews/2022/December/NL/EB-Newsletter-December-2022_02.gif]
[eastboundgroup.com/eastnews/2022/December/NL/EB-Newsletter-December-2022_03.gif]
[eastboundgroup.com/eastnews/2022/December/NL/Sri Lanka- fall in love again.pdf]
[eastboundgroup.com/eastnews/2022/December/NL/EB-Newsletter-December-2022.html]
[eastboundgroup.com/eastnews/2022/November/EB-Newsletter-November-2022--(1)_01.gif]
[eastboundgroup.com/eastnews/2022/November/EB-Newsletter-November-2022--(1)_02.gif]
[eastboundgroup.com/eastnews/2022/November/EB-Newsletter-November-2022--(1)_03.gif]
[eastboundgroup.com/eastnews/2022/November/EB-Newsletter-November-2022--(1).html]
[eastboundgroup.com/eastnews/2022/October/NL1/EB-Newsletter-October-2022_01.gif]
[eastboundgroup.com/eastnews/2022/October/NL1/EB-Newsletter-October-2022_02.gif]
[eastboundgroup.com/eastnews/2022/October/NL1/EB-Newsletter-October-2022_03.gif]
[eastboundgroup.com/eastnews/2022/October/NL1/EB-Newsletter-October-2022_04.gif]
[eastboundgroup.com/eastnews/2022/October/NL1/EB-Newsletter-October-2022.html]
[eastboundgroup.com/eastnews/2022/September/NL1/EB-Newsletter-September-2022_01.gif]
[eastboundgroup.com/eastnews/2022/September/NL1/EB-Newsletter-September-2022_02.gif]
[eastboundgroup.com/eastnews/2022/September/NL1/EB-Newsletter-September-2022_03.gif]
